

     ************************************************************************
     *************** Dalton - An Electronic Structure Program ***************
     ************************************************************************

    This is output from DALTON release Dalton2024.0-dev (2024)
         ( Web site: http://daltonprogram.org )

   ----------------------------------------------------------------------------

    NOTE:
     
    Dalton is an experimental code for the evaluation of molecular
    properties using (MC)SCF, DFT, CI, and CC wave functions.
    The authors accept no responsibility for the performance of
    the code or for the correctness of the results.
     
    The code (in whole or part) is provided under a licence and
    is not to be reproduced for further distribution without
    the written permission of the authors or their representatives.
     
    See the home page "http://daltonprogram.org" for further information.
     
    If results obtained with this code are published,
    the appropriate citations would be both of:
     
       K. Aidas, C. Angeli, K. L. Bak, V. Bakken,
       R. Bast, L. Boman, O. Christiansen, R. Cimiraglia,
       S. Coriani, P. Dahle, E. K. Dalskov, U. Ekstroem,
       T. Enevoldsen, J. J. Eriksen, P. Ettenhuber, B. Fernandez,
       L. Ferrighi, H. Fliegl, L. Frediani, K. Hald, A. Halkier,
       C. Haettig, H. Heiberg, T. Helgaker, A. C. Hennum,
       H. Hettema, E. Hjertenaes, S. Hoest, I.-M. Hoeyvik,
       M. F. Iozzi, B. Jansik, H. J. Aa. Jensen, D. Jonsson,
       P. Joergensen, J. Kauczor, S. Kirpekar,
       T. Kjaergaard, W. Klopper, S. Knecht, R. Kobayashi, H. Koch,
       J. Kongsted, A. Krapp, K. Kristensen, A. Ligabue,
       O. B. Lutnaes, J. I. Melo, K. V. Mikkelsen, R. H. Myhre,
       C. Neiss, C. B. Nielsen, P. Norman, J. Olsen,
       J. M. H. Olsen, A. Osted, M. J. Packer, F. Pawlowski,
       T. B. Pedersen, P. F. Provasi, S. Reine, Z. Rinkevicius,
       T. A. Ruden, K. Ruud, V. Rybkin, P. Salek, C. C. M. Samson,
       A. Sanchez de Meras, T. Saue, S. P. A. Sauer,
       B. Schimmelpfennig, K. Sneskov, A. H. Steindal,
       K. O. Sylvester-Hvid, P. R. Taylor, A. M. Teale,
       E. I. Tellgren, D. P. Tew, A. J. Thorvaldsen, L. Thoegersen,
       O. Vahtras, M. A. Watson, D. J. D. Wilson, M. Ziolkowski
       and H. Agren,
       "The Dalton quantum chemistry program system",
       WIREs Comput. Mol. Sci. 2014, 4:269-284 (doi: 10.1002/wcms.1172)
     
    and
     
       Dalton, a molecular electronic structure program,
       Release Dalton2024.0-dev (2024), see http://daltonprogram.org
   ----------------------------------------------------------------------------

    Authors in alphabetical order (Major contribution(s) in parenthesis):

  Kestutis Aidas,              Vilnius University,        Lithuania   (QM/MM)
  Celestino Angeli,            University of Ferrara,     Italy       (NEVPT2)
  Juan J. Aucar,               Northeast National UniversiArgentina   (LRESC, Relativistic Effects on EFG)
  Keld L. Bak,                 UNI-C,                     Denmark     (AOSOPPA, non-adiabatic coupling, magnetic properties)
  Vebjoern Bakken,             University of Oslo,        Norway      (DALTON; geometry optimizer, symmetry detection)
  Radovan Bast,                UiT The Arctic U. of NorwayNorway      (DALTON installation and execution frameworks)
  Pablo Baudin,                University of Valencia,    Spain       (Cholesky excitation energies)
  Linus Boman,                 NTNU,                      Norway      (Cholesky decomposition and subsystems)
  Bruno N. Cabral Tenorio,     Technical Univ. of Denmark,Denmark     (Lanczos-based CC methods)
  Ove Christiansen,            Aarhus University,         Denmark     (CC module)
  Renzo Cimiraglia,            University of Ferrara,     Italy       (NEVPT2)
  Sonia Coriani,               Technical Univ. of Denmark,Denmark     (CC and RESPONS modules)
  Janusz Cukras,               University of Warsaw,      Poland      (MChD in RESPONS)
  Paal Dahle,                  University of Oslo,        Norway      (Parallelization)
  Erik K. Dalskov,             UNI-C,                     Denmark     (SOPPA)
  Thomas Enevoldsen,           Univ. of Southern Denmark, Denmark     (SOPPA)
  Janus J. Eriksen,            Aarhus University,         Denmark     (Polarizable embedding, TDA)
  Rasmus Faber,                Technical Univ. of Denmark,Denmark     (Vib.avg. NMR w. SOPPA, parallel AO-SOPPA, CVS-CC and EOMCC)
  Tobias Fahleson,             KTH Stockholm,             Sweden      (Damped cubic response)
  Berta Fernandez,             U. of Santiago de CompostelSpain       (Doublet spin, ESR in RESPONS)
  Lara Ferrighi,               Aarhus University,         Denmark     (PCM Cubic response)
  Heike Fliegl,                University of Oslo,        Norway      (CCSD(R12))
  Luca Frediani,               UiT The Arctic U. of NorwayNorway      (PCM)
  Emmanuel Fromager,           Univ. Strasbourg,          France      (MC-srDFT)
  Bin Gao,                     UiT The Arctic U. of NorwayNorway      (Gen1Int library)
  Andre S. P. Gomes,           CNRS/Universite de Lille,  France      (Frozen density embedding)
  Christof Haettig,            Ruhr-University Bochum,    Germany     (CC module)
  Kasper Hald,                 Aarhus University,         Denmark     (CC module)
  Asger Halkier,               Aarhus University,         Denmark     (CC module)
  Frederik Beyer Hansen,       University of Copenhagen,  Denmark     (Parallel AO-SOPPA)
  Erik D. Hedegaard,           Univ. of Southern Denmark, Denmark     (Polarizable embedding, QM/MM, and MC-srDFT)
  Hanne Heiberg,               University of Oslo,        Norway      (Geometry analysis, selected one-electron integrals)
  Trygve Helgaker,             University of Oslo,        Norway      (DALTON; ABACUS, ERI, DFT modules, London, and much more)
  Alf Christian Hennum,        University of Oslo,        Norway      (Parity violation)
  Hinne Hettema,               University of Auckland,    New Zealand (Quadratic response in RESPONS; SIRIUS supersymmetry)
  Andreas E. Hillers-Bendtsen, University of Copenhagen,  Denmark     (MP3)
  Eirik Hjertenaes,            NTNU,                      Norway      (Cholesky decomposition)
  Nicolai Machholdt Hoeyer,    Aarhus University,         Denmark     (MP3)
  Pi A. B. Haase,              University of Copenhagen,  Denmark     (Triplet AO-SOPPA)
  Maria Francesca Iozzi,       University of Oslo,        Norway      (RPA)
  Christoph Jacob,             TU Braunschweig            Germany     (Frozen density embedding)
  Brano Jansik,                Technical Univ. of Ostrava Czech Rep.  (DFT cubic response)
  Hans Joergen Aa. Jensen,     Univ. of Southern Denmark, Denmark     (DALTON; SIRIUS, RESPONS, ABACUS, MC-srDFT, and much more)
  Dan Jonsson,                 UiT The Arctic U. of NorwayNorway      (Cubic response in RESPONS module)
  Poul Joergensen,             Aarhus University,         Denmark     (RESPONS, ABACUS, and CC modules)
  Maciej Kaminski,             University of Warsaw,      Poland      (CPPh in RESPONS)
  Joanna Kauczor,              Linkoeping University,     Sweden      (Complex polarization propagator (CPP) module)
  Sheela Kirpekar,             Univ. of Southern Denmark, Denmark     (Mass-velocity & Darwin integrals)
  Frederik Oersted Kjeldal,    Technical Univ. of Denmark,Denmark     (MP3)
  Erik Kjellgren,              Univ. of Southern Denmark, Denmark     (MC-srDFT)
  Wim Klopper,                 KIT Karlsruhe,             Germany     (R12 code in CC, SIRIUS, and ABACUS modules)
  Stefan Knecht,               ETH Zurich,                Switzerland (Parallel CI and MCSCF, MC-srDFT)
  Rika Kobayashi,              Australian National Univ., Australia   (DIIS in CC, London in MCSCF)
  Henrik Koch,                 NTNU,                      Norway      (CC module, Cholesky decomposition)
  Jacob Kongsted,              Univ. of Southern Denmark, Denmark     (Polarizable embedding, polarizable density embedding, QM/MM)
  Andrea Ligabue,              University of Modena,      Italy       (CTOCD, AOSOPPA)
  Nanna H. List,               Univ. of Southern Denmark, Denmark     (Polarizable embedding)
  Ola B. Lutnaes,              University of Oslo,        Norway      (DFT Hessian)
  Juan I. Melo,                University of Buenos Aires,Argentina   (LRESC, Relativistic Effects on NMR Shieldings)
  Kurt V. Mikkelsen,           University of Copenhagen,  Denmark     (MC-SCRF, QM/MM, and MP3)
  Rolf H. Myhre,               NTNU,                      Norway      (Subsystems and CC3)
  Christian Neiss,             Univ. Erlangen-Nuernberg,  Germany     (CCSD(R12))
  Christian B. Nielsen,        University of Copenhagen,  Denmark     (QM/MM)
  Patrick Norman,              KTH Stockholm,             Sweden      (Cubic response and complex frequency response in RESPONS)
  Jeppe Olsen,                 Aarhus University,         Denmark     (SIRIUS CI/density modules)
  Jogvan Magnus H. Olsen,      Aarhus University,         Denmark     (Polarizable embedding and polarizable density embedding)
  Anders Osted,                Copenhagen University,     Denmark     (QM/MM)
  Martin J. Packer,            University of Sheffield,   UK          (SOPPA)
  Filip Pawlowski,             Kazimierz Wielki UniversityPoland      (CC3)
  Morten N. Pedersen,          Univ. of Southern Denmark, Denmark     (Polarizable embedding)
  Thomas B. Pedersen,          University of Oslo,        Norway      (Cholesky decomposition)
  Patricio F. Provasi,         University of Northeastern,Argentina   (Analysis of coupling constants in localized orbitals)
  Peter Reinholdt,             Univ. of Southern Denmark, Denmark     (Polarizable embedding and polarizable density embedding)
  Zilvinas Rinkevicius,        KTH Stockholm,             Sweden      (open-shell DFT, ESR)
  Elias Rudberg,               KTH Stockholm,             Sweden      (DFT grid and basis info)
  Torgeir A. Ruden,            University of Oslo,        Norway      (Numerical derivatives in ABACUS)
  Kenneth Ruud,                UiT The Arctic U. of NorwayNorway      (DALTON; ABACUS magnetic properties and much more)
  Pawel Salek,                 KTH Stockholm,             Sweden      (DALTON; DFT code)
  Claire C. M. Samson,         University of Karlsruhe    Germany     (Boys localization, r12 integrals in ERI)
  Alfredo Sanchez de Meras,    University of Valencia,    Spain       (CC module, Cholesky decomposition)
  Trond Saue,                  Paul Sabatier University,  France      (direct Fock matrix construction)
  Stephan P. A. Sauer,         University of Copenhagen,  Denmark     (SOPPA(CCSD), SOPPA prop., AOSOPPA, vibrational g-factors)
  Bernd Schimmelpfennig,       Forschungszentrum KarlsruheGermany     (AMFI module)
  Anna K. Schnack-Petersen,    University of Copenhagen,  Denmark     (RPA(D) and HRPA(D) properties in AOSOPPA)
  Kristian Sneskov,            Aarhus University,         Denmark     (Polarizable embedding, QM/MM)
  Arnfinn H. Steindal,         UiT The Arctic U. of NorwayNorway      (parallel QM/MM, polarizable embedding)
  Casper Steinmann,            Aalborg University,        Denmark     (QFIT, polarizable embedding)
  K. O. Sylvester-Hvid,        University of Copenhagen,  Denmark     (MC-SCRF)
  Peter R. Taylor,             VLSCI/Univ. of Melbourne,  Australia   (Symmetry handling ABACUS, integral transformation)
  Andrew M. Teale,             University of Nottingham,  England     (DFT-AC, DFT-D)
  David P. Tew,                University of Bristol,     England     (CCSD(R12))
  Julien Toulouse,             Sorbonne Univ.,            France      (MC-srDFT)
  Olav Vahtras,                KTH Stockholm,             Sweden      (Triplet response, spin-orbit, ESR, TDDFT, open-shell DFT)
  Lucas Visscher,              Vrije Universiteit AmsterdaNetherlands (Frozen density embedding)
  David J. Wilson,             La Trobe University,       Australia   (DFT Hessian and DFT magnetizabilities)
  Luna Zamok,                  University of Copenhagen,  Denmark     (Block Lanczos RPA solver in SOPPA module)
  Hans Agren,                  KTH Stockholm,             Sweden      (SIRIUS module, RESPONS, MC-SCRF solvation)
 --------------------------------------------------------------------------------

     Date and time (Linux)  : Thu May 15 11:04:09 2025
     Host name              : D49833                                  

 * Work memory size             :    64000000 =  488.28 megabytes.

 * Directories for basis set searches:
   1) /home/jmikk/progs/dalton-oslo/parse_test
   2) /home/jmikk/progs/dalton-oslo/build64_debug/basis


Compilation information
-----------------------

 Who compiled             | jmikk
 Host                     | D49833
 System                   | Linux-5.15.153.1-microsoft-standard-WSL2
 CMake generator          | Unix Makefiles
 Processor                | x86_64
 64-bit integers          | ON
 MPI                      | OFF
 Fortran compiler         | /usr/bin/gfortran
 Fortran compiler version | GNU Fortran (Ubuntu 11.4.0-1ubuntu1~22.04) 11.4.0
 C compiler               | /usr/bin/gcc
 C compiler version       | gcc (Ubuntu 11.4.0-1ubuntu1~22.04) 11.4.0
 C++ compiler             | /usr/bin/g++
 C++ compiler version     | g++ (Ubuntu 11.4.0-1ubuntu1~22.04) 11.4.0
 Static linking           | OFF
 Last Git revision        | a8ec504efc8617fbbbdc5a3c3ca78f198e1da686
 Git branch               | crk-oslo
 Configuration time       | 2025-05-15 10:57:42.508437

 * Sequential calculation.


   Content of the .dal input file
 ----------------------------------

**DALTON INPUT
.RUN RESPONSE
**WAVE FUNCTIONS
.DFT
PBE
**RESPONSE
*LINEAR
.DIPLEN
**END OF DALTON INPUT


   Content of the .mol file
 ----------------------------

BASIS
STO-3G
H2O
Using the STO-3G
Atomtypes=2 NoSymmetry Angstrom
Charge=8.0 Atoms=1
O   0.000   0.000   0.127
Charge=1.0 Atoms=2
H   0.000   0.758   -0.509
H   0.000   -0.758  -0.509


       *******************************************************************
       *********** Output from DALTON general input processing ***********
       *******************************************************************

 --------------------------------------------------------------------------------
   Overall default print level:    0
   Print level for DALTON.STAT:    1

    HERMIT 1- and 2-electron integral sections will be executed
    "Old" integral transformation used (limited to max 255 basis functions)
    Wave function sections will be executed (SIRIUS module)
    Dynamic molecular response properties section will be executed (RESPONSE module)
 --------------------------------------------------------------------------------


   ****************************************************************************
   *************** Output of molecule and basis set information ***************
   ****************************************************************************


    The two title cards from your ".mol" input:
    --------------------------------------------------------------------------------
 1: H2O
 2: Using the STO-3G
    --------------------------------------------------------------------------------

  Coordinates are entered in Angstrom and converted to atomic units.
          - Conversion factor : 1 bohr = 0.52917721 A

  Atomic type no.    1
  --------------------
  Nuclear charge:   8.00000
  Number of symmetry independent centers:    1
  Number of basis sets to read;    2
  Basis set file used for this atomic type with Z =   8 :
     "/home/jmikk/progs/dalton-oslo/build64_debug/basis/STO-3G"

  Atomic type no.    2
  --------------------
  Nuclear charge:   1.00000
  Number of symmetry independent centers:    2
  Number of basis sets to read;    2
  Basis set file used for this atomic type with Z =   1 :
     "/home/jmikk/progs/dalton-oslo/build64_debug/basis/STO-3G"


                         SYMGRP: Point group information
                         -------------------------------

@    Point group: C1 


                                 Isotopic Masses
                                 ---------------

                           O          15.994915
                           H           1.007825
                           H           1.007825

                       Total mass:    18.010565 amu
                       Natural abundance:  99.730 %

 Center-of-mass coordinates (a.u.):    0.000000    0.000000    0.105489
 Center-of-mass coordinates (Angs):    0.000000    0.000000    0.055822


  Atoms and basis sets
  --------------------

  Number of atom types :    2
  Total number of atoms:    3

  Basis set used is "STO-3G" from the basis set library.

  label    atoms   charge   prim   cont     basis
  ----------------------------------------------------------------------
  O           1    8.0000    15     5      [6s3p|2s1p]                                        
  H           2    1.0000     3     1      [3s|1s]                                            
  ----------------------------------------------------------------------
  total:      3   10.0000    21     7
  ----------------------------------------------------------------------

  Threshold for neglecting AO integrals:  1.00D-12


  Cartesian Coordinates (a.u.)
  ----------------------------

  Total number of coordinates:    9
  O       :     1  x   0.0000000000    2  y   0.0000000000    3  z   0.2399952179
  H       :     4  x   0.0000000000    5  y   1.4324124027    6  z  -0.9618705976
  H       :     7  x   0.0000000000    8  y  -1.4324124027    9  z  -0.9618705976


   Interatomic separations (in Angstrom):
   --------------------------------------

            O           H           H     
            ------      ------      ------
 O     :    0.000000
 H     :    0.989475    0.000000
 H     :    0.989475    1.516000    0.000000


  Max    interatomic separation is    1.5160 Angstrom (    2.8648 Bohr)
  between atoms    3 and    2, "H     " and "H     ".

  Min HX interatomic separation is    0.9895 Angstrom (    1.8698 Bohr)


  Bond distances (Angstrom):
  --------------------------

                  atom 1     atom 2       distance
                  ------     ------       --------
  bond distance:  H          O            0.989475
  bond distance:  H          O            0.989475


  Bond angles (degrees):
  ----------------------

                  atom 1     atom 2     atom 3         angle
                  ------     ------     ------         -----
  bond angle:     H          O          H            100.003




 Principal moments of inertia (u*A**2) and principal axes
 --------------------------------------------------------

   IA       0.724076          0.000000    1.000000    0.000000
   IB       1.158120          0.000000    0.000000    1.000000
   IC       1.882196          1.000000    0.000000    0.000000


 Rotational constants
 --------------------

@    The molecule is planar.

               A                   B                   C

         697964.3542         436378.8192         268505.0414 MHz
           23.281585           14.556031            8.956364 cm-1


@  Nuclear repulsion energy :    8.905961584822 Hartree


                     .---------------------------------------.
                     | Starting in Integral Section (HERMIT) |
                     `---------------------------------------'



 ***************************************************************************************
 ****************** Output from **INTEGRALS input processing (HERMIT) ******************
 ***************************************************************************************


 - Using defaults, no **INTEGRALS input found

 Default print level:        1

 Calculation of one- and two-electron Hamiltonian integrals.

 Center of mass  (bohr):      0.000000000000      0.000000000000      0.105488564085
 Operator center (bohr):      0.000000000000      0.000000000000      0.000000000000
 Gauge origin    (bohr):      0.000000000000      0.000000000000      0.000000000000
 Dipole origin   (bohr):      0.000000000000      0.000000000000      0.000000000000

Calculation of 2-electron integrals are postponed until they are needed.


     ************************************************************************
     ************************** Output from HERINT **************************
     ************************************************************************



                      Nuclear contribution to dipole moments
                      --------------------------------------

                 au               Debye          C m (/(10**-30)

      x      0.00000000         0.00000000         0.00000000
      y      0.00000000         0.00000000         0.00000000
      z     -0.00377945        -0.00960641        -0.03204353


  Total CPU  time used in HERMIT:   0.00 seconds
  Total wall time used in HERMIT:   0.00 seconds


                        .----------------------------------.
                        | End of Integral Section (HERMIT) |
                        `----------------------------------'



                   .--------------------------------------------.
                   | Starting in Wave Function Section (SIRIUS) |
                   `--------------------------------------------'


 *** Output from Huckel module :

     Using EWMO model:          T
     Using EHT  model:          F
     Number of Huckel orbitals each symmetry:    7

 EWMO - Energy Weighted Maximum Overlap - is a Huckel type method,
        which normally is better than Extended Huckel Theory.
 Reference: Linderberg and Ohrn, Propagators in Quantum Chemistry (Wiley, 1973)

 Huckel EWMO eigenvalues for symmetry :  1
          -20.684480      -1.593894      -0.767755      -0.696950      -0.616200
           -0.241581      -0.179040

 **********************************************************************
 *SIRIUS* a direct, restricted step, second order MCSCF program       *
 **********************************************************************

 
     Date and time (Linux)  : Thu May 15 11:04:09 2025
     Host name              : D49833                                  

 Title lines from ".mol" input file:
     H2O
     Using the STO-3G

 Print level on unit LUPRI =   2 is   0
 Print level on unit LUW4  =   2 is   5

@    Restricted, closed shell Kohn-Sham DFT calculation.

@    Time-dependent Kohn-Sham DFT calculation (TD-DFT).

 Initial molecular orbitals are obtained according to
 ".MOSTART EWMO  " input option

     Wave function specification
     ============================
@    Wave function type        --- KS-DFT ---
@    Number of closed shell electrons          10
@    Number of electrons in active shells       0
@    Total charge of the molecule               0

@    Spin multiplicity and 2 M_S                1         0
@    Total number of symmetries                 1 (point group: C1 )
@    Reference state symmetry                   1 (irrep name : A  )
 
     This is a DFT calculation of type: PBE
 Weighted mixed functional:
                      PBEx:    1.00000
                      PBEc:    1.00000

     Orbital specifications
     ======================
@    Abelian symmetry species          All |    1
@                                          |  A  
                                       --- |  ---
@    Occupied SCF orbitals               5 |    5
@    Secondary orbitals                  2 |    2
@    Total number of orbitals            7 |    7
@    Number of basis functions           7 |    7

     Optimization information
     ========================
@    Number of configurations                 1
@    Number of orbital rotations             10
     ------------------------------------------
@    Total number of variables               11

     Maximum number of Fock   iterations      0
     Maximum number of DIIS   iterations     60
     Maximum number of QC-SCF iterations     60
     Threshold for SCF convergence     1.00D-05
 
     This is a DFT calculation of type: PBE
 Weighted mixed functional:
                      PBEx:    1.00000
                      PBEc:    1.00000


 ***********************************************
 ***** DIIS acceleration of SCF iterations *****
 ***********************************************

 C1-DIIS algorithm; max error vectors =    8

 Iter      Total energy        Error norm    Delta(E)  DIIS dim.
 -----------------------------------------------------------------------------

---> (Re)generating AOTWOINT


     ************************************************************************
     ************************** Output from HERINT **************************
     ************************************************************************


 Threshold for neglecting two-electron integrals:  1.00D-12
 HERMIT - Number of two-electron integrals written:         228 ( 56.2% )
 HERMIT - Megabytes written:                              0.137

      K-S energy, electrons, error :     -9.380414946468   9.9999993400   -6.60D-07
@  1    -75.1728543123        8.17988D-01   -7.52D+01    1
      Virial theorem: -V/T =      2.007776
@    MULPOP   O      -0.46; H       0.23; H       0.23; 
   1  Level shift: doubly occupied orbital energies shifted by -2.00D-01
 -----------------------------------------------------------------------------
      K-S energy, electrons, error :     -9.302291415814   9.9999994021   -5.98D-07
@  2    -75.2299680484        2.41227D-01   -5.71D-02    2
      Virial theorem: -V/T =      2.012289
@    MULPOP   O      -0.21; H       0.10; H       0.10; 
   2  Level shift: doubly occupied orbital energies shifted by -1.00D-01
 -----------------------------------------------------------------------------
      K-S energy, electrons, error :     -9.358137391225   9.9999993671   -6.33D-07
@  3    -75.2333631059        1.12490D-01   -3.40D-03    3
      Virial theorem: -V/T =      2.007888
@    MULPOP   O      -0.39; H       0.20; H       0.20; 
   3  Level shift: doubly occupied orbital energies shifted by -5.00D-02
 -----------------------------------------------------------------------------
      K-S energy, electrons, error :     -9.340680426751   9.9999993780   -6.22D-07
@  4    -75.2343512646        4.40001D-03   -9.88D-04    4
      Virial theorem: -V/T =      2.009240
@    MULPOP   O      -0.33; H       0.17; H       0.17; 
   4  Level shift: doubly occupied orbital energies shifted by -1.25D-02
 -----------------------------------------------------------------------------
      K-S energy, electrons, error :     -9.339962978680   9.9999993785   -6.22D-07
@  5    -75.2343528713        9.19413D-05   -1.61D-06    5
      Virial theorem: -V/T =      2.009291
@    MULPOP   O      -0.33; H       0.17; H       0.17; 
 -----------------------------------------------------------------------------
      K-S energy, electrons, error :     -9.339977066636   9.9999993785   -6.22D-07
@  6    -75.2343528721        1.81909D-07   -8.29D-10    6

@ *** DIIS converged in   6 iterations !
@     Converged SCF energy, gradient:    -75.234352872146    1.82D-07
    - total time used in SIRFCK :              0.00 seconds


 *** SCF orbital energy analysis ***

 Number of electrons        :   10
 Closed shell orbitals      :    5

 Sym       Kohn-Sham orbital energies

1 A     -18.45274482    -0.83293870    -0.36915468    -0.17788349    -0.06666313
          0.28775007     0.37893510

    E(LUMO) :     0.28775007 au (symmetry 1)
  - E(HOMO) :    -0.06666313 au (symmetry 1)
  ------------------------------------------
    gap     :     0.35441320 au

 --- Writing SIRIFC interface file

--------------------------------------------------------------------------------


     .-----------------------------------------------.
     | DFT KT IPs [a.u. & eV] from Koopmans' theorem |
     `-----------------------------------------------'


     DFT KT symmetry 1 ( A  ) in point group C1  -- 5 principal poles with pole strength 1

   ============  ============  ============  ============  ============
      18.452745      0.832939      0.369155      0.177883      0.066663
     502.124729     22.665415     10.045210      4.840456      1.813996
   ============  ============  ============  ============  ============

@ Summary of DFT KT ionization potentials [eV]:

@ Symmetry 1 (A  ) :   502.125      22.665      10.045       4.840       1.814

  === End of DFT KT output ===
--------------------------------------------------------------------------------


 CPU and wall time for SCF :       0.776       0.776


                       .-----------------------------------.
                       | --- Final results from SIRIUS --- |
                       `-----------------------------------'


@    Spin multiplicity:           1
@    Spatial symmetry:            1 ( irrep  A   in C1  )
@    Total charge of molecule:    0

@    Final DFT energy:            -75.234352872146                 
@    Nuclear repulsion:             8.905961584822
@    Electronic energy:           -84.140314456969

@    Final gradient norm:           0.000000181909

@    Finite field energy contribution from nuclear dipole moment:      0.000000000000
@    Final energy + FF nucdip:    -75.234352872146

 
     Date and time (Linux)  : Thu May 15 11:04:10 2025
     Host name              : D49833                                  

File label for MO orbitals:  15May25   FOCKDIIS

 (Only coefficients > 0.0100 are printed.)

 Molecular orbitals for symmetry species 1  (A  )
 ------------------------------------------------

    Orbital         1        2        3        4        5        6        7
   1 O   :1s    -0.9933   0.2261   0.0000   0.1302  -0.0000   0.1225   0.0000
   2 O   :1s    -0.0300  -0.7976  -0.0000  -0.6337   0.0000  -0.7983  -0.0000
   3 O   :2px    0.0000  -0.0000  -0.0000   0.0000   1.0000   0.0000   0.0000
   4 O   :2py   -0.0000  -0.0000  -0.6149   0.0000   0.0000   0.0000  -0.9583
   5 O   :2pz    0.0047   0.2027  -0.0000  -0.7242   0.0000   0.7771   0.0000
   6 H   :1s     0.0070  -0.1750  -0.4474   0.2952  -0.0000   0.7649   0.8157
   7 H   :1s     0.0070  -0.1750   0.4474   0.2952  -0.0000   0.7649  -0.8157

  Total CPU  time used in SIRIUS :   0.78 seconds
  Total wall time used in SIRIUS :   0.78 seconds

 
     Date and time (Linux)  : Thu May 15 11:04:10 2025
     Host name              : D49833                                  


                     .---------------------------------------.
                     | End of Wave Function Section (SIRIUS) |
                     `---------------------------------------'



                 .------------------------------------------------.
                 | Starting in Dynamic Property Section (RESPONS) |
                 `------------------------------------------------'


 ----------------------------------------------------------------------------------------
  RESPONSE  -  an MCSCF, MC-srDFT, DFT, SOPPA and SOPPA-srDFT response property program
 ----------------------------------------------------------------------------------------


 -------- OUTPUT FROM RESPONSE INPUT PROCESSING --------




 Linear Response calculation
 ---------------------------

 Print level                                    : IPRLR  =   2
 Maximum number of iterations                   : MAXITL =  60
 Threshold for relative convergence             : THCLR  = 1.000D-03
 Maximum iterations in optimal orbital algorithm: MAXITO =   5

  1 B-frequencies  0.000000D+00

    3 second order properties calculated with symmetry no.    1 and labels:

          XDIPLEN 
          YDIPLEN 
          ZDIPLEN 

 INFO SIR_INTOPEN, old integral transformation not found as expected, ICASE = 2
 - ICASE = 1: MO integral file MOTWOINT does not exist
 - ICASE = 2: no MO integrals on MOTWOINT
 - ICASE = 3: transformation level on MOTWOINT not sufficient

 2-el. integral transformation level 4: Total CPU and WALL times (sec)       0.002       0.002

 Sorting integrals to Dirac format: Total CPU and WALL times (sec)       0.018       0.018


   SCF energy         :      -75.234352872146218
 -- inactive part     :      -84.140314456968540
 -- nuclear repulsion :        8.905961584822320


                    *****************************************
                    *** DFT response calculation (TD-DFT) ***
                    *****************************************

 ----------------------------------------------------------------
 ----- Linear response calculation
 ----- Symmetry of excitation/property operator(s)    1  ( A  )
 ----------------------------------------------------------------

 Number of excitations of this symmetry            0
 Number of response properties of this symmetry    3
 Number of C6/C8 properties of this symmetry       0


 Perturbation symmetry.     KSYMOP:           1
 Perturbation spin symmetry.TRPLET:           F
 Orbital variables.         KZWOPT:          10
 Configuration variables.   KZCONF:           0
 Total number of variables. KZVAR :          10


 RSPLR -- linear response calculation for symmetry 1  ( A  )
 RSPLR -- operator label : XDIPLEN 
 RSPLR -- operator spin  :   0
 RSPLR -- frequencies    :     0.000000



 ---  SOLVING SETS OF LINEAR EQUATIONS FOR LINEAR RESPONSE PROPERTIES ---

 Operator symmetry = 1  ( A  ); triplet =   F


 ** RSPCTL MICROITERATION NUMBER    1

       No.  Residual tot.,    conf., and orb.    Bnorm      Frequency 
      ----------------------------------------------------------------
         1    1.21344D-16  0.00D+00  1.21D-16  1.92D-01    0.00000D+00

 *** THE REQUESTED    1 SOLUTION VECTORS CONVERGED

 Convergence of RSP solution vectors, threshold = 1.00D-03
 ---------------------------------------------------------------
 (dimension of paired reduced space:    2)
 RSP solution vector no.    1; norm of residual   6.34D-16

 *** RSPCTL MICROITERATIONS CONVERGED


 RSPLR -- linear response calculation for symmetry 1  ( A  )
 RSPLR -- operator label : YDIPLEN 
 RSPLR -- operator spin  :   0
 RSPLR -- frequencies    :     0.000000



 ---  SOLVING SETS OF LINEAR EQUATIONS FOR LINEAR RESPONSE PROPERTIES ---

 Operator symmetry = 1  ( A  ); triplet =   F


 ** RSPCTL MICROITERATION NUMBER    1

       No.  Residual tot.,    conf., and orb.    Bnorm      Frequency 
      ----------------------------------------------------------------
         1    1.68852D-01  0.00D+00  1.69D-01  1.67D+00    0.00000D+00

 ** RSPCTL MICROITERATION NUMBER    2

       No.  Residual tot.,    conf., and orb.    Bnorm      Frequency 
      ----------------------------------------------------------------
         1    1.26948D-02  0.00D+00  1.27D-02  1.67D+00    0.00000D+00

 ** RSPCTL MICROITERATION NUMBER    3

       No.  Residual tot.,    conf., and orb.    Bnorm      Frequency 
      ----------------------------------------------------------------
         1    2.21091D-05  0.00D+00  2.21D-05  1.67D+00    0.00000D+00

 *** THE REQUESTED    1 SOLUTION VECTORS CONVERGED

 Convergence of RSP solution vectors, threshold = 1.00D-03
 ---------------------------------------------------------------
 (dimension of paired reduced space:    6)
 RSP solution vector no.    1; norm of residual   1.33D-05

 *** RSPCTL MICROITERATIONS CONVERGED


 RSPLR -- linear response calculation for symmetry 1  ( A  )
 RSPLR -- operator label : ZDIPLEN 
 RSPLR -- operator spin  :   0
 RSPLR -- frequencies    :     0.000000



 ---  SOLVING SETS OF LINEAR EQUATIONS FOR LINEAR RESPONSE PROPERTIES ---

 Operator symmetry = 1  ( A  ); triplet =   F


 ** RSPCTL MICROITERATION NUMBER    1

       No.  Residual tot.,    conf., and orb.    Bnorm      Frequency 
      ----------------------------------------------------------------
         1    4.48678D-01  0.00D+00  4.49D-01  1.05D+00    0.00000D+00

 ** RSPCTL MICROITERATION NUMBER    2

       No.  Residual tot.,    conf., and orb.    Bnorm      Frequency 
      ----------------------------------------------------------------
         1    1.61473D-02  0.00D+00  1.61D-02  1.14D+00    0.00000D+00

 ** RSPCTL MICROITERATION NUMBER    3

       No.  Residual tot.,    conf., and orb.    Bnorm      Frequency 
      ----------------------------------------------------------------
         1    5.38878D-04  0.00D+00  5.39D-04  1.14D+00    0.00000D+00

 *** THE REQUESTED    1 SOLUTION VECTORS CONVERGED

 Convergence of RSP solution vectors, threshold = 1.00D-03
 ---------------------------------------------------------------
 (dimension of paired reduced space:    6)
 RSP solution vector no.    1; norm of residual   4.74D-04

 *** RSPCTL MICROITERATIONS CONVERGED


           Final output of second order properties from linear response
           ------------------------------------------------------------


@ Spin symmetry of operators: singlet

 Note that minus the linear response function: - << A; B >>(omega) is printed.
 The results are of quadratic accuracy using Sellers formula.

@ FREQUENCY INDEPENDENT SECOND ORDER PROPERTIES

@ -<< XDIPLEN  ; XDIPLEN  >> =  3.206137572234E-02
@ -<< XDIPLEN  ; YDIPLEN  >> =  1.451197786855E-17
@ -<< XDIPLEN  ; ZDIPLEN  >> =  6.207174153204E-17
@ -<< YDIPLEN  ; YDIPLEN  >> =  5.121936657492E+00
@ -<< YDIPLEN  ; ZDIPLEN  >> = -4.977634683994E-16
@ -<< ZDIPLEN  ; ZDIPLEN  >> =  2.655937735145E+00


 Time used in linear response calculation is      2.00 CPU seconds for symmetry 1

  Total CPU  time used in RESPONSE:   2.02 seconds
  Total wall time used in RESPONSE:   2.02 seconds


                   .-------------------------------------------.
                   | End of Dynamic Property Section (RESPONS) |
                   `-------------------------------------------'

  Total CPU  time used in DALTON:   2.82 seconds
  Total wall time used in DALTON:   2.82 seconds

 NOTE:    1 informational messages have been issued.
 Check output, result, and error files for "INFO".

 
     Date and time (Linux)  : Thu May 15 11:04:12 2025
     Host name              : D49833                                  
