

     ************************************************************************
     *************** Dalton - An Electronic Structure Program ***************
     ************************************************************************

    This is output from DALTON release Dalton2024.0-dev (2024)
         ( Web site: http://daltonprogram.org )

   ----------------------------------------------------------------------------

    NOTE:
     
    Dalton is an experimental code for the evaluation of molecular
    properties using (MC)SCF, DFT, CI, and CC wave functions.
    The authors accept no responsibility for the performance of
    the code or for the correctness of the results.
     
    The code (in whole or part) is provided under a licence and
    is not to be reproduced for further distribution without
    the written permission of the authors or their representatives.
     
    See the home page "http://daltonprogram.org" for further information.
     
    If results obtained with this code are published,
    the appropriate citations would be both of:
     
       K. Aidas, C. Angeli, K. L. Bak, V. Bakken,
       R. Bast, L. Boman, O. Christiansen, R. Cimiraglia,
       S. Coriani, P. Dahle, E. K. Dalskov, U. Ekstroem,
       T. Enevoldsen, J. J. Eriksen, P. Ettenhuber, B. Fernandez,
       L. Ferrighi, H. Fliegl, L. Frediani, K. Hald, A. Halkier,
       C. Haettig, H. Heiberg, T. Helgaker, A. C. Hennum,
       H. Hettema, E. Hjertenaes, S. Hoest, I.-M. Hoeyvik,
       M. F. Iozzi, B. Jansik, H. J. Aa. Jensen, D. Jonsson,
       P. Joergensen, J. Kauczor, S. Kirpekar,
       T. Kjaergaard, W. Klopper, S. Knecht, R. Kobayashi, H. Koch,
       J. Kongsted, A. Krapp, K. Kristensen, A. Ligabue,
       O. B. Lutnaes, J. I. Melo, K. V. Mikkelsen, R. H. Myhre,
       C. Neiss, C. B. Nielsen, P. Norman, J. Olsen,
       J. M. H. Olsen, A. Osted, M. J. Packer, F. Pawlowski,
       T. B. Pedersen, P. F. Provasi, S. Reine, Z. Rinkevicius,
       T. A. Ruden, K. Ruud, V. Rybkin, P. Salek, C. C. M. Samson,
       A. Sanchez de Meras, T. Saue, S. P. A. Sauer,
       B. Schimmelpfennig, K. Sneskov, A. H. Steindal,
       K. O. Sylvester-Hvid, P. R. Taylor, A. M. Teale,
       E. I. Tellgren, D. P. Tew, A. J. Thorvaldsen, L. Thoegersen,
       O. Vahtras, M. A. Watson, D. J. D. Wilson, M. Ziolkowski
       and H. Agren,
       "The Dalton quantum chemistry program system",
       WIREs Comput. Mol. Sci. 2014, 4:269-284 (doi: 10.1002/wcms.1172)
     
    and
     
       Dalton, a molecular electronic structure program,
       Release Dalton2024.0-dev (2024), see http://daltonprogram.org
   ----------------------------------------------------------------------------

    Authors in alphabetical order (Major contribution(s) in parenthesis):

  Kestutis Aidas,              Vilnius University,        Lithuania   (QM/MM)
  Celestino Angeli,            University of Ferrara,     Italy       (NEVPT2)
  Juan J. Aucar,               Northeast National UniversiArgentina   (LRESC, Relativistic Effects on EFG)
  Keld L. Bak,                 UNI-C,                     Denmark     (AOSOPPA, non-adiabatic coupling, magnetic properties)
  Vebjoern Bakken,             University of Oslo,        Norway      (DALTON; geometry optimizer, symmetry detection)
  Radovan Bast,                UiT The Arctic U. of NorwayNorway      (DALTON installation and execution frameworks)
  Pablo Baudin,                University of Valencia,    Spain       (Cholesky excitation energies)
  Linus Boman,                 NTNU,                      Norway      (Cholesky decomposition and subsystems)
  Bruno N. Cabral Tenorio,     Technical Univ. of Denmark,Denmark     (Lanczos-based CC methods)
  Ove Christiansen,            Aarhus University,         Denmark     (CC module)
  Renzo Cimiraglia,            University of Ferrara,     Italy       (NEVPT2)
  Sonia Coriani,               Technical Univ. of Denmark,Denmark     (CC and RESPONS modules)
  Janusz Cukras,               University of Warsaw,      Poland      (MChD in RESPONS)
  Paal Dahle,                  University of Oslo,        Norway      (Parallelization)
  Erik K. Dalskov,             UNI-C,                     Denmark     (SOPPA)
  Thomas Enevoldsen,           Univ. of Southern Denmark, Denmark     (SOPPA)
  Janus J. Eriksen,            Aarhus University,         Denmark     (Polarizable embedding, TDA)
  Rasmus Faber,                Technical Univ. of Denmark,Denmark     (Vib.avg. NMR w. SOPPA, parallel AO-SOPPA, CVS-CC and EOMCC)
  Tobias Fahleson,             KTH Stockholm,             Sweden      (Damped cubic response)
  Berta Fernandez,             U. of Santiago de CompostelSpain       (Doublet spin, ESR in RESPONS)
  Lara Ferrighi,               Aarhus University,         Denmark     (PCM Cubic response)
  Heike Fliegl,                University of Oslo,        Norway      (CCSD(R12))
  Luca Frediani,               UiT The Arctic U. of NorwayNorway      (PCM)
  Emmanuel Fromager,           Univ. Strasbourg,          France      (MC-srDFT)
  Bin Gao,                     UiT The Arctic U. of NorwayNorway      (Gen1Int library)
  Andre S. P. Gomes,           CNRS/Universite de Lille,  France      (Frozen density embedding)
  Christof Haettig,            Ruhr-University Bochum,    Germany     (CC module)
  Kasper Hald,                 Aarhus University,         Denmark     (CC module)
  Asger Halkier,               Aarhus University,         Denmark     (CC module)
  Frederik Beyer Hansen,       University of Copenhagen,  Denmark     (Parallel AO-SOPPA)
  Erik D. Hedegaard,           Univ. of Southern Denmark, Denmark     (Polarizable embedding, QM/MM, and MC-srDFT)
  Hanne Heiberg,               University of Oslo,        Norway      (Geometry analysis, selected one-electron integrals)
  Trygve Helgaker,             University of Oslo,        Norway      (DALTON; ABACUS, ERI, DFT modules, London, and much more)
  Alf Christian Hennum,        University of Oslo,        Norway      (Parity violation)
  Hinne Hettema,               University of Auckland,    New Zealand (Quadratic response in RESPONS; SIRIUS supersymmetry)
  Andreas E. Hillers-Bendtsen, University of Copenhagen,  Denmark     (MP3)
  Eirik Hjertenaes,            NTNU,                      Norway      (Cholesky decomposition)
  Nicolai Machholdt Hoeyer,    Aarhus University,         Denmark     (MP3)
  Pi A. B. Haase,              University of Copenhagen,  Denmark     (Triplet AO-SOPPA)
  Maria Francesca Iozzi,       University of Oslo,        Norway      (RPA)
  Christoph Jacob,             TU Braunschweig            Germany     (Frozen density embedding)
  Brano Jansik,                Technical Univ. of Ostrava Czech Rep.  (DFT cubic response)
  Hans Joergen Aa. Jensen,     Univ. of Southern Denmark, Denmark     (DALTON; SIRIUS, RESPONS, ABACUS, MC-srDFT, and much more)
  Dan Jonsson,                 UiT The Arctic U. of NorwayNorway      (Cubic response in RESPONS module)
  Poul Joergensen,             Aarhus University,         Denmark     (RESPONS, ABACUS, and CC modules)
  Maciej Kaminski,             University of Warsaw,      Poland      (CPPh in RESPONS)
  Joanna Kauczor,              Linkoeping University,     Sweden      (Complex polarization propagator (CPP) module)
  Sheela Kirpekar,             Univ. of Southern Denmark, Denmark     (Mass-velocity & Darwin integrals)
  Frederik Oersted Kjeldal,    Technical Univ. of Denmark,Denmark     (MP3)
  Erik Kjellgren,              Univ. of Southern Denmark, Denmark     (MC-srDFT)
  Wim Klopper,                 KIT Karlsruhe,             Germany     (R12 code in CC, SIRIUS, and ABACUS modules)
  Stefan Knecht,               ETH Zurich,                Switzerland (Parallel CI and MCSCF, MC-srDFT)
  Rika Kobayashi,              Australian National Univ., Australia   (DIIS in CC, London in MCSCF)
  Henrik Koch,                 NTNU,                      Norway      (CC module, Cholesky decomposition)
  Jacob Kongsted,              Univ. of Southern Denmark, Denmark     (Polarizable embedding, polarizable density embedding, QM/MM)
  Andrea Ligabue,              University of Modena,      Italy       (CTOCD, AOSOPPA)
  Nanna H. List,               Univ. of Southern Denmark, Denmark     (Polarizable embedding)
  Ola B. Lutnaes,              University of Oslo,        Norway      (DFT Hessian)
  Juan I. Melo,                University of Buenos Aires,Argentina   (LRESC, Relativistic Effects on NMR Shieldings)
  Kurt V. Mikkelsen,           University of Copenhagen,  Denmark     (MC-SCRF, QM/MM, and MP3)
  Rolf H. Myhre,               NTNU,                      Norway      (Subsystems and CC3)
  Christian Neiss,             Univ. Erlangen-Nuernberg,  Germany     (CCSD(R12))
  Christian B. Nielsen,        University of Copenhagen,  Denmark     (QM/MM)
  Patrick Norman,              KTH Stockholm,             Sweden      (Cubic response and complex frequency response in RESPONS)
  Jeppe Olsen,                 Aarhus University,         Denmark     (SIRIUS CI/density modules)
  Jogvan Magnus H. Olsen,      Aarhus University,         Denmark     (Polarizable embedding and polarizable density embedding)
  Anders Osted,                Copenhagen University,     Denmark     (QM/MM)
  Martin J. Packer,            University of Sheffield,   UK          (SOPPA)
  Filip Pawlowski,             Kazimierz Wielki UniversityPoland      (CC3)
  Morten N. Pedersen,          Univ. of Southern Denmark, Denmark     (Polarizable embedding)
  Thomas B. Pedersen,          University of Oslo,        Norway      (Cholesky decomposition)
  Patricio F. Provasi,         University of Northeastern,Argentina   (Analysis of coupling constants in localized orbitals)
  Peter Reinholdt,             Univ. of Southern Denmark, Denmark     (Polarizable embedding and polarizable density embedding)
  Zilvinas Rinkevicius,        KTH Stockholm,             Sweden      (open-shell DFT, ESR)
  Elias Rudberg,               KTH Stockholm,             Sweden      (DFT grid and basis info)
  Torgeir A. Ruden,            University of Oslo,        Norway      (Numerical derivatives in ABACUS)
  Kenneth Ruud,                UiT The Arctic U. of NorwayNorway      (DALTON; ABACUS magnetic properties and much more)
  Pawel Salek,                 KTH Stockholm,             Sweden      (DALTON; DFT code)
  Claire C. M. Samson,         University of Karlsruhe    Germany     (Boys localization, r12 integrals in ERI)
  Alfredo Sanchez de Meras,    University of Valencia,    Spain       (CC module, Cholesky decomposition)
  Trond Saue,                  Paul Sabatier University,  France      (direct Fock matrix construction)
  Stephan P. A. Sauer,         University of Copenhagen,  Denmark     (SOPPA(CCSD), SOPPA prop., AOSOPPA, vibrational g-factors)
  Bernd Schimmelpfennig,       Forschungszentrum KarlsruheGermany     (AMFI module)
  Anna K. Schnack-Petersen,    University of Copenhagen,  Denmark     (RPA(D) and HRPA(D) properties in AOSOPPA)
  Kristian Sneskov,            Aarhus University,         Denmark     (Polarizable embedding, QM/MM)
  Arnfinn H. Steindal,         UiT The Arctic U. of NorwayNorway      (parallel QM/MM, polarizable embedding)
  Casper Steinmann,            Aalborg University,        Denmark     (QFIT, polarizable embedding)
  K. O. Sylvester-Hvid,        University of Copenhagen,  Denmark     (MC-SCRF)
  Peter R. Taylor,             VLSCI/Univ. of Melbourne,  Australia   (Symmetry handling ABACUS, integral transformation)
  Andrew M. Teale,             University of Nottingham,  England     (DFT-AC, DFT-D)
  David P. Tew,                University of Bristol,     England     (CCSD(R12))
  Julien Toulouse,             Sorbonne Univ.,            France      (MC-srDFT)
  Olav Vahtras,                KTH Stockholm,             Sweden      (Triplet response, spin-orbit, ESR, TDDFT, open-shell DFT)
  Lucas Visscher,              Vrije Universiteit AmsterdaNetherlands (Frozen density embedding)
  David J. Wilson,             La Trobe University,       Australia   (DFT Hessian and DFT magnetizabilities)
  Luna Zamok,                  University of Copenhagen,  Denmark     (Block Lanczos RPA solver in SOPPA module)
  Hans Agren,                  KTH Stockholm,             Sweden      (SIRIUS module, RESPONS, MC-SCRF solvation)
 --------------------------------------------------------------------------------

     Date and time (Linux)  : Thu May 15 11:03:20 2025
     Host name              : D49833                                  

 * Work memory size             :    64000000 =  488.28 megabytes.

 * Directories for basis set searches:
   1) /home/jmikk/progs/dalton-oslo/parse_test
   2) /home/jmikk/progs/dalton-oslo/build64_debug/basis


Compilation information
-----------------------

 Who compiled             | jmikk
 Host                     | D49833
 System                   | Linux-5.15.153.1-microsoft-standard-WSL2
 CMake generator          | Unix Makefiles
 Processor                | x86_64
 64-bit integers          | ON
 MPI                      | OFF
 Fortran compiler         | /usr/bin/gfortran
 Fortran compiler version | GNU Fortran (Ubuntu 11.4.0-1ubuntu1~22.04) 11.4.0
 C compiler               | /usr/bin/gcc
 C compiler version       | gcc (Ubuntu 11.4.0-1ubuntu1~22.04) 11.4.0
 C++ compiler             | /usr/bin/g++
 C++ compiler version     | g++ (Ubuntu 11.4.0-1ubuntu1~22.04) 11.4.0
 Static linking           | OFF
 Last Git revision        | a8ec504efc8617fbbbdc5a3c3ca78f198e1da686
 Git branch               | crk-oslo
 Configuration time       | 2025-05-15 10:57:42.508437

 * Sequential calculation.


   Content of the .dal input file
 ----------------------------------

**DALTON INPUT
.RUN RESPONSE
**WAVE FUNCTIONS
.HF
.MP2
.MCSCF
*CONFIGURATION INPUT
.INACTIVE
 0
.CAS SPACE
 2
.ELECTRONS
 2
**RESPONSE
*LINEAR
.DIPLEN
**END OF DALTON INPUT



   Content of the .mol file
 ----------------------------

BASIS
STO-3G
H2
Using STO-3G
Atomtypes=1 NoSymmetry Angstrom
Charge=1.0 Atoms=2
H  0.0  0.0  0.7414
H  0.0  0.0  0


       *******************************************************************
       *********** Output from DALTON general input processing ***********
       *******************************************************************

 --------------------------------------------------------------------------------
   Overall default print level:    0
   Print level for DALTON.STAT:    1

    HERMIT 1- and 2-electron integral sections will be executed
    "Old" integral transformation used (limited to max 255 basis functions)
    Wave function sections will be executed (SIRIUS module)
    Dynamic molecular response properties section will be executed (RESPONSE module)
 --------------------------------------------------------------------------------


   ****************************************************************************
   *************** Output of molecule and basis set information ***************
   ****************************************************************************


    The two title cards from your ".mol" input:
    --------------------------------------------------------------------------------
 1: H2
 2: Using STO-3G
    --------------------------------------------------------------------------------

  Coordinates are entered in Angstrom and converted to atomic units.
          - Conversion factor : 1 bohr = 0.52917721 A

  Atomic type no.    1
  --------------------
  Nuclear charge:   1.00000
  Number of symmetry independent centers:    2
  Number of basis sets to read;    2
  Basis set file used for this atomic type with Z =   1 :
     "/home/jmikk/progs/dalton-oslo/build64_debug/basis/STO-3G"


                         SYMGRP: Point group information
                         -------------------------------

@    Point group: C1 


                                 Isotopic Masses
                                 ---------------

                           H           1.007825
                           H           1.007825

                       Total mass:     2.015650 amu
                       Natural abundance:  99.970 %

 Center-of-mass coordinates (a.u.):    0.000000    0.000000    0.700521
 Center-of-mass coordinates (Angs):    0.000000    0.000000    0.370700


  Atoms and basis sets
  --------------------

  Number of atom types :    1
  Total number of atoms:    2

  Basis set used is "STO-3G" from the basis set library.

  label    atoms   charge   prim   cont     basis
  ----------------------------------------------------------------------
  H           2    1.0000     3     1      [3s|1s]                                            
  ----------------------------------------------------------------------
  total:      2    2.0000     6     2
  ----------------------------------------------------------------------

  Threshold for neglecting AO integrals:  1.00D-12


  Cartesian Coordinates (a.u.)
  ----------------------------

  Total number of coordinates:    6
  H       :     1  x   0.0000000000    2  y   0.0000000000    3  z   1.4010429491
  H       :     4  x   0.0000000000    5  y   0.0000000000    6  z   0.0000000000


   Interatomic separations (in Angstrom):
   --------------------------------------

            H           H     
            ------      ------
 H     :    0.000000
 H     :    0.741400    0.000000


  Max    interatomic separation is    0.7414 Angstrom (    1.4010 Bohr)
  between atoms    2 and    1, "H     " and "H     ".

  Min HX interatomic separation is    0.7414 Angstrom (    1.4010 Bohr)


  Bond distances (Angstrom):
  --------------------------

                  atom 1     atom 2       distance
                  ------     ------       --------
  bond distance:  H          H            0.741400




 Principal moments of inertia (u*A**2) and principal axes
 --------------------------------------------------------

   IA       0.000000          0.000000    0.000000    1.000000
   IB       0.276988          0.000000    1.000000    0.000000
   IC       0.276988          1.000000    0.000000    0.000000


 Rotational constants
 --------------------

@    The molecule is linear.

               B =      1824554.76 MHz     (   60.860596 cm-1)


@  Nuclear repulsion energy :    0.713753993526 Hartree


                     .---------------------------------------.
                     | Starting in Integral Section (HERMIT) |
                     `---------------------------------------'



 ***************************************************************************************
 ****************** Output from **INTEGRALS input processing (HERMIT) ******************
 ***************************************************************************************


 - Using defaults, no **INTEGRALS input found

 Default print level:        1

 Calculation of one- and two-electron Hamiltonian integrals.

 Center of mass  (bohr):      0.000000000000      0.000000000000      0.700521474535
 Operator center (bohr):      0.000000000000      0.000000000000      0.000000000000
 Gauge origin    (bohr):      0.000000000000      0.000000000000      0.000000000000
 Dipole origin   (bohr):      0.000000000000      0.000000000000      0.000000000000

Calculation of 2-electron integrals are postponed until they are needed.


     ************************************************************************
     ************************** Output from HERINT **************************
     ************************************************************************



                      Nuclear contribution to dipole moments
                      --------------------------------------

                 au               Debye          C m (/(10**-30)

      x      0.00000000         0.00000000         0.00000000
      y      0.00000000         0.00000000         0.00000000
      z      1.40104295         3.56109574        11.87853679


  Total CPU  time used in HERMIT:   0.00 seconds
  Total wall time used in HERMIT:   0.00 seconds


                        .----------------------------------.
                        | End of Integral Section (HERMIT) |
                        `----------------------------------'



                   .--------------------------------------------.
                   | Starting in Wave Function Section (SIRIUS) |
                   `--------------------------------------------'


 *** Output from Huckel module :

     Using EWMO model:          T
     Using EHT  model:          F
     Number of Huckel orbitals each symmetry:    2

 EWMO - Energy Weighted Maximum Overlap - is a Huckel type method,
        which normally is better than Extended Huckel Theory.
 Reference: Linderberg and Ohrn, Propagators in Quantum Chemistry (Wiley, 1973)

 Huckel EWMO eigenvalues for symmetry :  1
           -0.861266      -0.138734

 **********************************************************************
 *SIRIUS* a direct, restricted step, second order MCSCF program       *
 **********************************************************************

 
     Date and time (Linux)  : Thu May 15 11:03:20 2025
     Host name              : D49833                                  

 Title lines from ".mol" input file:
     H2
     Using STO-3G

 Print level on unit LUPRI =   2 is   0
 Print level on unit LUW4  =   2 is   5

@    MCSCF optimization.

@    MCSCF response calculation.
@              Type: complete active space calculation (CAS).

@    This is a combination run starting with
@              a restricted, closed shell Hartree-Fock calculation
@              an MP2 calculation


 Initial molecular orbitals are obtained according to
 ".MOSTART EWMO  " input option

     Wave function specification
     ============================
@    Wave function type        --- MC-SCF ---
@    Number of closed shell electrons           0
@    Number of electrons in active shells       2
@    Total charge of the molecule               0

@    Spin multiplicity and 2 M_S                1         0
@    Total number of symmetries                 1 (point group: C1 )
@    Reference state symmetry                   1 (irrep name : A  )

     Orbital specifications
     ======================
@    Abelian symmetry species          All |    1
@                                          |  A  
                                       --- |  ---
@    Inactive orbitals                   0 |    0
@    Active orbitals                     2 |    2
@    Secondary orbitals                  0 |    0
@    Total number of orbitals            2 |    2
@    Number of basis functions           2 |    2

      -- Initial occupation of symmetries is determined from total charge (only one symmetry!)
      -- Initial occupation of symmetries is :
@    Occupied SCF orbitals               1 |    1

     Optimization information
     ========================
@    Number of configurations                 3
@    Number of orbital rotations              0
     ------------------------------------------
@    Total number of variables                3

     Maximum number of macro iterations      25
     Maximum number of micro iterations     600
     Threshold for MCSCF gradient      1.00D-05
     Number of initial trial vectors          1
     Number of initial CI iterations         -1
     Number of simultaneous trial vectors     1

@    This calculation converges to the lowest state for the specified symmetry and spin species.

     Maximum number of NEO/NR iterations  24


 ***********************************************
 ***** DIIS acceleration of SCF iterations *****
 ***********************************************

 C1-DIIS algorithm; max error vectors =    2

 Iter      Total energy        Error norm    Delta(E)  DIIS dim.
 -----------------------------------------------------------------------------

Calculating AOSUPINT

---> (Re)generating AOTWOINT


     ************************************************************************
     ************************** Output from HERINT **************************
     ************************************************************************


 Threshold for neglecting two-electron integrals:  1.00D-12
 HERMIT - Number of two-electron integrals written:           6 (100.0% )
 HERMIT - Megabytes written:                              0.137

     (Precalculated AO two-electron integrals are transformed to P-supermatrix elements.
      Threshold for discarding integrals :  1.00D-12 )

@  1    -1.11668438876        9.01218D-16   -1.12D+00    1

@ *** DIIS converged in   1 iterations !
@     Converged SCF energy, gradient:     -1.116684388759    9.01D-16
    - total time used in SIRFCK :              0.00 seconds

 --- Writing SIRIFC interface file

--------------------------------------------------------------------------------


     .--------------------------------------------------.
     | HF-SCF KT IPs [a.u. & eV] from Koopmans' theorem |
     `--------------------------------------------------'


     HF-SCF KT symmetry 1 ( A  ) in point group C1  -- 1 principal poles with pole strength 1

   ============
       0.577975
      15.727495
   ============

@ Summary of HF-SCF KT ionization potentials [eV]:

@ Symmetry 1 (A  ) :    15.727

  === End of HF-SCF KT output ===
--------------------------------------------------------------------------------


 CPU and wall time for SCF :       0.002       0.002


 ----- Output from SIRIUS MP2 module -----

 Reference: H.J.Aa.Jensen, P.Jørgensen, H.Ågren, and J.Olsen,
            J. Chem. Phys. 88, 3834 (1988); 89, 5354 (1988)

 Checking that the closed shell orbitals are canonical Hartree-Fock orbitals

    Number of electrons  :    2
    Closed shell orbitals:    1

 Generating Fock matrix

 Hartree-Fock electronic energy:          -1.830438382284
 Hartree-Fock total      energy:          -1.116684388759

 Hartree-Fock orbital energies, symmetry 1 ( A  ),    1 occupied SCF orbitals

        -0.57797481     0.66969864

    E(LUMO) :     0.66969864   (in symmetry 1)
  - E(HOMO) :    -0.57797481   (in symmetry 1)
  --------------------------
    gap     :     1.24767345

 2-el. integral transformation level 5: Total CPU and WALL times (sec)       0.002       0.002

 MP2 move   0.010556 electrons to unoccupied HF orbitals


@   Hartree-Fock total energy   :            -1.1166843888
@   + MP2 contribution          :            -0.0131707661
@   = MP2 second order energy   :            -1.1298551548

 Natural orbital occupation numbers, symmetry 1 (irrep A  )
 Sum =     2.00000000; RHF =     2.00000000; Difference =     0.00000000

         1.98944374     0.01055626

 Time used for MP2 natural orbitals :       0.002 CPU seconds,       0.002 wall seconds.

 CPU and wall time for MP2 :       0.002       0.002


        SIRIUS MCSCF optimization (SIROPT)
 ================================================



 ----- Output from SIRIUS CI module (CICTL) -----




 2-el. integral transformation level 0: Total CPU and WALL times (sec)       0.001       0.001

 (CIST1) 3 lowest diagonal elements:

 Element no. Config.no.    Active energy      Total energy

         1 :          1     -1.8304383823     -1.1166843888
         2 :          3     -1.0649442124     -0.3511902189
         3 :          2     -0.2545037019      0.4592502916

Lowest 1 elements are used as separate start CI vectors.


 Convergence threshold for CI optimization :     0.01000000


 The requested root number is now converged.


 *** CI converged in  2 iterations.



@ Final CI energies and residuals in symmetry 1 (irrep A  )
@    1       -1.137270175817990       2.34D-16

   --- OUTPUT FROM SIRCNO     Keyword = ONLYFD



 --- MACRO ITERATION  1 ---
 --------------------------

 2-el. integral transformation level 3: Total CPU and WALL times (sec)       0.001       0.001

 Total MCSCF energy       :            -1.137270175817990  (MACRO    1)

 - Nuclear repulsion      :             0.713753993525762
 - Inactive energy        :             0.000000000000000
 - Active energy          :            -1.851024169343752

 Norm of total gradient   :             0.000000000000
 -    of CI gradient      :             0.000000000000
 -    of orbital gradient :             0.000000000000


 *** Label "NATOCC  " not found on SIRIUS.RST in SIRPOP

 WARNING, occupation of active orbitals not available
          population analysis aborted.
          Use ".TRACI" option.


 (SIROPT) CI energy lowering:               0.000000000000000
          CI electronic energy:            -1.851024169343752
          CI total energy:                 -1.137270175817990

 *** Optimization control: MCSCF converged ***
     Number of macro iterations used            1
     Number of micro iterations used            0
     Total number of CPU seconds used         0.00
     Total WALL time used (seconds)           0.00

--------------------------------------------------------------------------------


     .---------------------------------------------------------------.
     | MCSCF EKT IPs [a.u. & eV], pole strengths, and Dyson orbitals |
     `---------------------------------------------------------------'


     MCSCF EKT symmetry 1 ( A  ) in point group C1  -- 1 principal poles

   ============  ============
       0.598561      1.375075
      16.287662     37.417706
   ------------  ------------
       0.987270      0.012730
   ============  ============
       0.993615      0.000000
       0.000000      0.112827
   ============  ============

@ Summary of MCSCF EKT ionization potentials [eV] and pole strengths:

@ Symmetry 1 (A  ) :    16.288      37.418
@ Pole strengths   :     0.987       0.013

  === End of MCSCF EKT output ===
--------------------------------------------------------------------------------


 CPU and wall time for MCSCF :       0.005       0.005


                     .----------------------------------------.
                     | --- SIRIUS OPTIMIZATION STATISTICS --- |
                     `----------------------------------------'


 
     Date and time (Linux)  : Thu May 15 11:03:20 2025
     Host name              : D49833                                  


  ITER ITMIC     EMCSCF           GRDNRM        RATIO      STPLNG
 ---------------------------------------------------------------------
    1    0     -1.137270175818   0.0000000000  0.000000   0.0000000000


  ITER  INDGCM  GCIMAX      GCINRM     INDGOM  GOBMAX      GOBNRM      GRDNRM
 ------------------------------------------------------------------------------
    1      1   -0.000000    0.000000      0    0.000000    0.000000    0.000000


  ITER ITMIC NCLIN NOLIN   TIMMAC    TIMITR    TIMMIC    TIMLIN    TIMMIC/ITMIC
 ------------------------------------------------------------------------------

    1     0     0     0      0.00      0.00      0.00      0.00


 ITER         EMY                 EACTIV              EMCSCF

    1      0.000000000000     -1.851024169344     -1.137270175818


 ITER         DEPRED              DEACT               RATIO

    1      0.000000000000      0.000000000000      0.000000000000


 ITER    BETA           GAMMA             STPLNG              RTRUST

    1      0.00000000  0.00000000      0.000000000000      0.700000000000


                       .-----------------------------------.
                       | --- Final results from SIRIUS --- |
                       `-----------------------------------'


@    Spin multiplicity:           1
@    Spatial symmetry:            1 ( irrep  A   in C1  )
@    Total charge of molecule:    0

@    This was an MCSCF calculation.
@    State number:                1

@    Final MCSCF energy:           -1.137270175818                 
@    Nuclear repulsion:             0.713753993526
@    Electronic energy:            -1.851024169344

@    Final gradient norm:           0.000000000000

@    Finite field energy contribution from nuclear dipole moment:      0.000000000000
@    Final energy + FF nucdip:     -1.137270175818

 
     Date and time (Linux)  : Thu May 15 11:03:20 2025
     Host name              : D49833                                  

 Occupancies of natural orbitals
 -------------------------------

 Symmetry 1  ( A  ) -- Total occupation in this symmetry is   2.000000000

   1.974539970   0.025460030

  Effective numbers of unpaired electrons this symmetry Eqs. 1) and 2):  0.10  0.01

  Total effective number of unpaired electrons :
  Eq. 1) sum(i) [(2 - n_i) n_i]    =  0.1005
  Eq. 2) sum(i) [(2 - n_i) n_i]**2 =  0.0051
 (Reference: M. Head-Gordon, Chemical Physics Letters 372 (2003) 508-511)

File label for MO orbitals:  15May25   (CNOORB)

 (Only coefficients > 0.0100 are printed.)

 Molecular orbitals for symmetry species 1  (A  )
 ------------------------------------------------

    Orbital         1        2
   1 H   :1s     0.5490  -1.2108
   2 H   :1s     0.5490   1.2108

 Printout of CI-coefficients abs greater than 0.05000 for root  1
 *** NOTE: this root is the reference state ***

 Printout of coefficients in interval  3.1623E-01 to  1.0000E+00
 ===============================================================

  Coefficient of CSF no.         1 is      0.99361461    9.93614606E-01
  Orbital          1
  Spin coupling    2

 Printout of coefficients in interval  1.0000E-01 to  3.1623E-01
 ===============================================================

  Coefficient of CSF no.         2 is     -0.11282737   -1.12827369E-01
  Orbital          2
  Spin coupling    2

 Printout of coefficients in interval  5.0000E-02 to  1.0000E-01
 ===============================================================
   ( no coefficients )

 Norm of printed CI vector ..      1.00000000

 Magnitude of CI coefficients
 ============================
 ( Ranges are relative to norm of vector :  1.00E+00 )

  10- 1 to 10- 0         2    0.10000000E+01      1.0000000000
  Number of coefficients less than 10^-11 times norm is                     1

  Total CPU  time used in SIRIUS :   0.02 seconds
  Total wall time used in SIRIUS :   0.02 seconds

 
     Date and time (Linux)  : Thu May 15 11:03:20 2025
     Host name              : D49833                                  


                     .---------------------------------------.
                     | End of Wave Function Section (SIRIUS) |
                     `---------------------------------------'



                 .------------------------------------------------.
                 | Starting in Dynamic Property Section (RESPONS) |
                 `------------------------------------------------'


 ----------------------------------------------------------------------------------------
  RESPONSE  -  an MCSCF, MC-srDFT, DFT, SOPPA and SOPPA-srDFT response property program
 ----------------------------------------------------------------------------------------


 -------- OUTPUT FROM RESPONSE INPUT PROCESSING --------




 Linear Response calculation
 ---------------------------

 Print level                                    : IPRLR  =   2
 Maximum number of iterations                   : MAXITL =  60
 Threshold for relative convergence             : THCLR  = 1.000D-03
 Maximum iterations in optimal orbital algorithm: MAXITO =   5

  1 B-frequencies  0.000000D+00

@ ** WARNING **
@ ELEMENTS ON PROPERTY FILE  WITH LABEL: XDIPLEN  ARE SMALLER THAN :  1.0000000D-12
@ PROPERTY CALCULATION NOT CARRIED OUT 

@ ** WARNING **
@ ELEMENTS ON PROPERTY FILE  WITH LABEL: YDIPLEN  ARE SMALLER THAN :  1.0000000D-12
@ PROPERTY CALCULATION NOT CARRIED OUT 

    1 second order properties calculated with symmetry no.    1 and labels:

          ZDIPLEN 

 Old direct access AO file found, SORTA skipped.

 2-el. integral transformation level 4: Total CPU and WALL times (sec)       0.001       0.001

 Sorting integrals to Dirac format: Total CPU and WALL times (sec)       0.000       0.000


 MCSCF energy         :       -1.137270175817990
 -- inactive part     :        0.000000000000000
 --   active part     :       -1.851024169343752
 -- nuclear repulsion :        0.713753993525762


                        **********************************
                        *** MCSCF response calculation ***
                        **********************************

 ----------------------------------------------------------------
 ----- Linear response calculation
 ----- Symmetry of excitation/property operator(s)    1  ( A  )
 ----------------------------------------------------------------

 Number of excitations of this symmetry            0
 Number of response properties of this symmetry    1
 Number of C6/C8 properties of this symmetry       0


 Perturbation symmetry.     KSYMOP:           1
 Perturbation spin symmetry.TRPLET:           F
 Orbital variables.         KZWOPT:           0
 Configuration variables.   KZCONF:           3
 Total number of variables. KZVAR :           3


 RSPLR -- linear response calculation for symmetry 1  ( A  )
 RSPLR -- operator label : ZDIPLEN 
 RSPLR -- operator spin  :   0
 RSPLR -- frequencies    :     0.000000



 ---  SOLVING SETS OF LINEAR EQUATIONS FOR LINEAR RESPONSE PROPERTIES ---

 Operator symmetry = 1  ( A  ); triplet =   F


 ** RSPCTL MICROITERATION NUMBER    1

       No.  Residual tot.,    conf., and orb.    Bnorm      Frequency 
      ----------------------------------------------------------------
         1    6.17341D-16  6.17D-16  0.00D+00  1.70D+00    0.00000D+00

 *** THE REQUESTED    1 SOLUTION VECTORS CONVERGED

 Convergence of RSP solution vectors, threshold = 1.00D-03
 ---------------------------------------------------------------
 (dimension of paired reduced space:    2)
 RSP solution vector no.    1; norm of residual   3.64D-16

 *** RSPCTL MICROITERATIONS CONVERGED


           Final output of second order properties from linear response
           ------------------------------------------------------------


@ Spin symmetry of operators: singlet

 Note that minus the linear response function: - << A; B >>(omega) is printed.
 The results are of quadratic accuracy using Sellers formula.

@ FREQUENCY INDEPENDENT SECOND ORDER PROPERTIES

@ -<< ZDIPLEN  ; ZDIPLEN  >> =  2.782330559470E+00


 Time used in linear response calculation is      0.00 CPU seconds for symmetry 1

  Total CPU  time used in RESPONSE:   0.01 seconds
  Total wall time used in RESPONSE:   0.01 seconds


                   .-------------------------------------------.
                   | End of Dynamic Property Section (RESPONS) |
                   `-------------------------------------------'

  Total CPU  time used in DALTON:   0.04 seconds
  Total wall time used in DALTON:   0.04 seconds

 NOTE:    3 warnings have been issued.
 Check output, result, and error files for "WARNING".

 
     Date and time (Linux)  : Thu May 15 11:03:20 2025
     Host name              : D49833                                  
